▲ Next.js 16.1.6 (Turbopack)
- Local:         http://127.0.0.1:63815
- Network:       http://127.0.0.1:63815
- Environments: .env.local, .env

✓ Starting...
✓ Ready in 501ms
 GET /api/health 200 in 197ms (compile: 134ms, render: 63ms)
 GET /api/health 200 in 5ms (compile: 2ms, render: 3ms)
 GET /planners 200 in 581ms (compile: 434ms, render: 147ms)
 GET /api/auth/session 200 in 530ms (compile: 514ms, render: 16ms)
 GET /api/summary 200 in 78ms (compile: 29ms, render: 49ms)
 GET /api/planners 200 in 91ms (compile: 43ms, render: 48ms)
 GET /api/summary 200 in 10ms (compile: 1272µs, render: 9ms)
 GET /api/planners 200 in 14ms (compile: 4ms, render: 10ms)
 GET /api/summary 200 in 8ms (compile: 1483µs, render: 6ms)
 GET /api/summary 200 in 7ms (compile: 1235µs, render: 6ms)
 GET /api/channels 200 in 34ms (compile: 25ms, render: 10ms)
 GET /api/content-items?parent_id=&limit=100&offset=0&types=video%2Cimage%2Ccarousel_item%2Ccarousel_folder&sort_by=name-asc 200 in 28ms (compile: 23ms, render: 5ms)
 GET /api/content-items?parent_id=&limit=100&offset=0&types=video%2Cimage%2Ccarousel_item%2Ccarousel_folder&sort_by=name-asc 200 in 12ms (compile: 1555µs, render: 11ms)
 GET /api/file/admin/planner-video.png 404 in 485ms (compile: 478ms, render: 8ms)
 POST /api/planners 400 in 9ms (compile: 1843µs, render: 7ms)
 GET /api/channels 200 in 9ms (compile: 1291µs, render: 8ms)
 PATCH /api/planners/pl8-seed 400 in 649ms (compile: 642ms, render: 7ms)
 GET /api/admin/fix-planners 200 in 34ms (compile: 27ms, render: 7ms)
 GET /api/admin/fix-planners?fix=true 200 in 15ms (compile: 1138µs, render: 14ms)
[PlannerLog][INFO] pl8-seed: [Phase0] Created 1 post(s) {}
[PlannerLog][INFO] pl7: [Phase0] Created 1 post(s) {}
[PlannerLog][INFO] pl8-seed: [Phase1] Sending to IG: mediaType=REELS, url=https://example.com/v.mp4 {}
[PlannerLog][ERROR] pl8-seed: Media creation failed for post 359d275c-2f15-4f51-a362-2467764c6ce6 {
  error: {
    message: 'Invalid OAuth access token - Cannot parse access token',
    type: 'OAuthException',
    code: 190,
    fbtrace_id: 'AXc_w3ggmoro12-HXfe5qY8'
  }
}
[PlannerLog][ERROR] pl8-seed: Phase1 Error post=359d275c-2f15-4f51-a362-2467764c6ce6: Invalid OAuth access token - Cannot parse access token {}
[PlannerLog][INFO] pl7: [Phase1] Sending to IG: mediaType=REELS, url=https://example.com/pl7.mp4 {}
[PlannerLog][ERROR] pl7: Media creation failed for post bda5bb80-6c5d-464b-954c-373bf00da76e {
  error: {
    message: 'Invalid OAuth access token - Cannot parse access token',
    type: 'OAuthException',
    code: 190,
    fbtrace_id: 'A187x7_DufBnAIxYMjA-4bJ'
  }
}
[PlannerLog][ERROR] pl7: Phase1 Error post=bda5bb80-6c5d-464b-954c-373bf00da76e: Invalid OAuth access token - Cannot parse access token {}
 POST /api/cron/publisher 200 in 432ms (compile: 21ms, render: 411ms)
