▲ Next.js 16.1.6
- Local:         http://127.0.0.1:62795
- Network:       http://127.0.0.1:62795

✓ Starting...
✓ Ready in 56ms
(node:87724) MaxListenersExceededWarning: Possible EventEmitter memory leak detected. 11 close listeners added to [WriteStream]. MaxListeners is 10. Use emitter.setMaxListeners() to increase limit
(Use `node --trace-warnings ...` to show where the warning was created)
(node:87724) MaxListenersExceededWarning: Possible EventEmitter memory leak detected. 11 close listeners added to [WriteStream]. MaxListeners is 10. Use emitter.setMaxListeners() to increase limit
(node:87724) MaxListenersExceededWarning: Possible EventEmitter memory leak detected. 11 error listeners added to [WriteStream]. MaxListeners is 10. Use emitter.setMaxListeners() to increase limit
(node:87724) MaxListenersExceededWarning: Possible EventEmitter memory leak detected. 11 close listeners added to [WriteStream]. MaxListeners is 10. Use emitter.setMaxListeners() to increase limit
(node:87724) MaxListenersExceededWarning: Possible EventEmitter memory leak detected. 11 finish listeners added to [WriteStream]. MaxListeners is 10. Use emitter.setMaxListeners() to increase limit
(node:87724) MaxListenersExceededWarning: Possible EventEmitter memory leak detected. 11 end listeners added to [WriteStream]. MaxListeners is 10. Use emitter.setMaxListeners() to increase limit
(node:87724) MaxListenersExceededWarning: Possible EventEmitter memory leak detected. 11 error listeners added to [WriteStream]. MaxListeners is 10. Use emitter.setMaxListeners() to increase limit
(node:87724) MaxListenersExceededWarning: Possible EventEmitter memory leak detected. 11 close listeners added to [WriteStream]. MaxListeners is 10. Use emitter.setMaxListeners() to increase limit
(node:87724) MaxListenersExceededWarning: Possible EventEmitter memory leak detected. 11 finish listeners added to [WriteStream]. MaxListeners is 10. Use emitter.setMaxListeners() to increase limit
(node:87724) MaxListenersExceededWarning: Possible EventEmitter memory leak detected. 11 end listeners added to [WriteStream]. MaxListeners is 10. Use emitter.setMaxListeners() to increase limit
Finalizing upload error: [Error: ENOENT: no such file or directory, open '/Users/bestoptionnotebook/Documents/autoreels-web/.next/standalone/data/uploads/admin/gauntlet-b-1.mp4.part.10'] {
  errno: -2,
  code: 'ENOENT',
  syscall: 'open',
  path: '/Users/bestoptionnotebook/Documents/autoreels-web/.next/standalone/data/uploads/admin/gauntlet-b-1.mp4.part.10'
}
(node:87724) MaxListenersExceededWarning: Possible EventEmitter memory leak detected. 11 error listeners added to [WriteStream]. MaxListeners is 10. Use emitter.setMaxListeners() to increase limit
(node:87724) MaxListenersExceededWarning: Possible EventEmitter memory leak detected. 11 close listeners added to [WriteStream]. MaxListeners is 10. Use emitter.setMaxListeners() to increase limit
Finalizing upload error: [Error: ENOENT: no such file or directory, open '/Users/bestoptionnotebook/Documents/autoreels-web/.next/standalone/data/uploads/admin/gauntlet-b-1.mp4.part.4'] {
  errno: -2,
  code: 'ENOENT',
  syscall: 'open',
  path: '/Users/bestoptionnotebook/Documents/autoreels-web/.next/standalone/data/uploads/admin/gauntlet-b-1.mp4.part.4'
}
[api-error] [Error: ENOENT: no such file or directory, open '/Users/bestoptionnotebook/Documents/autoreels-web/.next/standalone/data/uploads/admin/gauntlet-b-1.mp4.part.4'] {
  errno: -2,
  code: 'ENOENT',
  syscall: 'open',
  path: '/Users/bestoptionnotebook/Documents/autoreels-web/.next/standalone/data/uploads/admin/gauntlet-b-1.mp4.part.4'
}
[api-error] [Error: ENOENT: no such file or directory, open '/Users/bestoptionnotebook/Documents/autoreels-web/.next/standalone/data/uploads/admin/gauntlet-b-1.mp4.part.10'] {
  errno: -2,
  code: 'ENOENT',
  syscall: 'open',
  path: '/Users/bestoptionnotebook/Documents/autoreels-web/.next/standalone/data/uploads/admin/gauntlet-b-1.mp4.part.10'
}
(node:87724) MaxListenersExceededWarning: Possible EventEmitter memory leak detected. 11 close listeners added to [WriteStream]. MaxListeners is 10. Use emitter.setMaxListeners() to increase limit
(node:87724) MaxListenersExceededWarning: Possible EventEmitter memory leak detected. 11 close listeners added to [WriteStream]. MaxListeners is 10. Use emitter.setMaxListeners() to increase limit
[Cron] NEXTAUTH_URL is "http://localhost:3000" — the Instagram API will not be able to reach media URLs. Set PUBLIC_BASE_URL to the public domain (e.g. https://your-domain.com).
[ChannelRefresh] chan-gauntlet-d: INSTAGRAM_CLIENT_ID and INSTAGRAM_CLIENT_SECRET must be configured to refresh Facebook-based tokens.
[Cron] NEXTAUTH_URL is "http://localhost:3000" — the Instagram API will not be able to reach media URLs. Set PUBLIC_BASE_URL to the public domain (e.g. https://your-domain.com).
[ChannelRefresh] chan-gauntlet-d: INSTAGRAM_CLIENT_ID and INSTAGRAM_CLIENT_SECRET must be configured to refresh Facebook-based tokens.
(node:87724) MaxListenersExceededWarning: Possible EventEmitter memory leak detected. 11 error listeners added to [WriteStream]. MaxListeners is 10. Use emitter.setMaxListeners() to increase limit
(node:87724) MaxListenersExceededWarning: Possible EventEmitter memory leak detected. 11 close listeners added to [WriteStream]. MaxListeners is 10. Use emitter.setMaxListeners() to increase limit
(node:87724) MaxListenersExceededWarning: Possible EventEmitter memory leak detected. 11 finish listeners added to [WriteStream]. MaxListeners is 10. Use emitter.setMaxListeners() to increase limit
(node:87724) MaxListenersExceededWarning: Possible EventEmitter memory leak detected. 11 end listeners added to [WriteStream]. MaxListeners is 10. Use emitter.setMaxListeners() to increase limit
